2025/07/11 00:50:25 [2025-07-11 00:50:25] DEBUG: This is a debug message
2025/07/11 00:50:25 [2025-07-11 00:50:25] INFO: This is an info message
2025/07/11 00:50:25 [2025-07-11 00:50:25] WARN: This is a warning message
2025/07/11 00:50:25 [2025-07-11 00:50:25] ERROR: This is an error message
